Traceback (most recent call last):
  File "/usr/local/python/3.12.1/lib/python3.12/site-packages/jupyter_cache/executors/utils.py", line 58, in single_nb_execution
    executenb(
  File "/home/codespace/.local/lib/python3.12/site-packages/nbclient/client.py", line 1319, in execute
    return NotebookClient(nb=nb, resources=resources, km=km, **kwargs).execute()
           ^^^^^^^^^^^^^^^^^^^^^^^^^^^^^^^^^^^^^^^^^^^^^^^^^^^^^^^^^^^^^^^^^^^^^
  File "/home/codespace/.local/lib/python3.12/site-packages/jupyter_core/utils/__init__.py", line 165, in wrapped
    return loop.run_until_complete(inner)
           ^^^^^^^^^^^^^^^^^^^^^^^^^^^^^^
  File "/usr/local/python/3.12.1/lib/python3.12/asyncio/base_events.py", line 684, in run_until_complete
    return future.result()
           ^^^^^^^^^^^^^^^
  File "/home/codespace/.local/lib/python3.12/site-packages/nbclient/client.py", line 709, in async_execute
    await self.async_execute_cell(
  File "/home/codespace/.local/lib/python3.12/site-packages/nbclient/client.py", line 1062, in async_execute_cell
    await self._check_raise_for_error(cell, cell_index, exec_reply)
  File "/home/codespace/.local/lib/python3.12/site-packages/nbclient/client.py", line 918, in _check_raise_for_error
    raise CellExecutionError.from_cell_and_msg(cell, exec_reply_content)
nbclient.exceptions.CellExecutionError: An error occurred while executing the following cell:
------------------
for species in df['species'].unique():
    subset = df[df['species'] == species]
    plt.scatter(subset['sepal_length'], subset['petal_length'], label=species)

plt.xlabel("Sepal Length")
plt.ylabel("Petal Length")
plt.title("Sepal vs Petal by Species")
plt.legend()
plt.show()
------------------


[31m---------------------------------------------------------------------------[39m
[31mNameError[39m                                 Traceback (most recent call last)
[36mCell[39m[36m [39m[32mIn[5][39m[32m, line 3[39m
[32m      1[39m [38;5;28;01mfor[39;00m species [38;5;129;01min[39;00m df[[33m'[39m[33mspecies[39m[33m'[39m].unique():
[32m      2[39m     subset = df[df[[33m'[39m[33mspecies[39m[33m'[39m] == species]
[32m----> [39m[32m3[39m     [43mplt[49m.scatter(subset[[33m'[39m[33msepal_length[39m[33m'[39m], subset[[33m'[39m[33mpetal_length[39m[33m'[39m], label=species)
[32m      5[39m plt.xlabel([33m"[39m[33mSepal Length[39m[33m"[39m)
[32m      6[39m plt.ylabel([33m"[39m[33mPetal Length[39m[33m"[39m)

[31mNameError[39m: name 'plt' is not defined

